Copyright 1986-2019 Xilinx, Inc. All Rights Reserved.
---------------------------------------------------------------------------------------------------------------------------
| Tool Version : Vivado v.2019.1 (win64) Build 2552052 Fri May 24 14:49:42 MDT 2019
| Date         : Sun Jul 20 19:12:37 2025
| Host         : DESKTOP-0NF6N2J running 64-bit major release  (build 9200)
| Command      : report_drc -file FFT_WRAPPER_drc_routed.rpt -pb FFT_WRAPPER_drc_routed.pb -rpx FFT_WRAPPER_drc_routed.rpx
| Design       : FFT_WRAPPER
| Device       : xczu7ev-ffvc1156-2-e
| Speed File   : -2
| Design State : Fully Routed
---------------------------------------------------------------------------------------------------------------------------

Report DRC

Table of Contents
-----------------
1. REPORT SUMMARY
2. REPORT DETAILS

1. REPORT SUMMARY
-----------------
            Netlist: netlist
          Floorplan: design_1
      Design limits: <entire design considered>
           Ruledeck: default
             Max violations: <unlimited>
             Violations found: 191
+--------+----------+------------------------+------------+
| Rule   | Severity | Description            | Violations |
+--------+----------+------------------------+------------+
| DPIP-2 | Warning  | Input pipelining       | 95         |
| DPOP-3 | Warning  | PREG Output pipelining | 48         |
| DPOP-4 | Warning  | MREG Output pipelining | 48         |
+--------+----------+------------------------+------------+

2. REPORT DETAILS
-----------------
DPIP-2#1 Warning
Input pipelining  
DSP fft_inst/butterfly_stage/BF1/fft_complex_mult_unit/k1 input fft_inst/butterfly_stage/BF1/fft_complex_mult_unit/k1/A[29:0] is not pipelined. Pipelining DSP48 input will improve performance.
Related violations: <none>

DPIP-2#2 Warning
Input pipelining  
DSP fft_inst/butterfly_stage/BF1/fft_complex_mult_unit/k1 input fft_inst/butterfly_stage/BF1/fft_complex_mult_unit/k1/B[17:0] is not pipelined. Pipelining DSP48 input will improve performance.
Related violations: <none>

DPIP-2#3 Warning
Input pipelining  
DSP fft_inst/butterfly_stage/BF1/fft_complex_mult_unit/k2 input fft_inst/butterfly_stage/BF1/fft_complex_mult_unit/k2/A[29:0] is not pipelined. Pipelining DSP48 input will improve performance.
Related violations: <none>

DPIP-2#4 Warning
Input pipelining  
DSP fft_inst/butterfly_stage/BF1/fft_complex_mult_unit/k2 input fft_inst/butterfly_stage/BF1/fft_complex_mult_unit/k2/B[17:0] is not pipelined. Pipelining DSP48 input will improve performance.
Related violations: <none>

DPIP-2#5 Warning
Input pipelining  
DSP fft_inst/butterfly_stage/BF1/fft_complex_mult_unit/k3 input fft_inst/butterfly_stage/BF1/fft_complex_mult_unit/k3/B[17:0] is not pipelined. Pipelining DSP48 input will improve performance.
Related violations: <none>

DPIP-2#6 Warning
Input pipelining  
DSP fft_inst/butterfly_stage/BF10/fft_complex_mult_unit/k1 input fft_inst/butterfly_stage/BF10/fft_complex_mult_unit/k1/A[29:0] is not pipelined. Pipelining DSP48 input will improve performance.
Related violations: <none>

DPIP-2#7 Warning
Input pipelining  
DSP fft_inst/butterfly_stage/BF10/fft_complex_mult_unit/k1 input fft_inst/butterfly_stage/BF10/fft_complex_mult_unit/k1/B[17:0] is not pipelined. Pipelining DSP48 input will improve performance.
Related violations: <none>

DPIP-2#8 Warning
Input pipelining  
DSP fft_inst/butterfly_stage/BF10/fft_complex_mult_unit/k2 input fft_inst/butterfly_stage/BF10/fft_complex_mult_unit/k2/A[29:0] is not pipelined. Pipelining DSP48 input will improve performance.
Related violations: <none>

DPIP-2#9 Warning
Input pipelining  
DSP fft_inst/butterfly_stage/BF10/fft_complex_mult_unit/k2 input fft_inst/butterfly_stage/BF10/fft_complex_mult_unit/k2/B[17:0] is not pipelined. Pipelining DSP48 input will improve performance.
Related violations: <none>

DPIP-2#10 Warning
Input pipelining  
DSP fft_inst/butterfly_stage/BF10/fft_complex_mult_unit/k3 input fft_inst/butterfly_stage/BF10/fft_complex_mult_unit/k3/A[29:0] is not pipelined. Pipelining DSP48 input will improve performance.
Related violations: <none>

DPIP-2#11 Warning
Input pipelining  
DSP fft_inst/butterfly_stage/BF10/fft_complex_mult_unit/k3 input fft_inst/butterfly_stage/BF10/fft_complex_mult_unit/k3/B[17:0] is not pipelined. Pipelining DSP48 input will improve performance.
Related violations: <none>

DPIP-2#12 Warning
Input pipelining  
DSP fft_inst/butterfly_stage/BF11/fft_complex_mult_unit/k1 input fft_inst/butterfly_stage/BF11/fft_complex_mult_unit/k1/A[29:0] is not pipelined. Pipelining DSP48 input will improve performance.
Related violations: <none>

DPIP-2#13 Warning
Input pipelining  
DSP fft_inst/butterfly_stage/BF11/fft_complex_mult_unit/k1 input fft_inst/butterfly_stage/BF11/fft_complex_mult_unit/k1/B[17:0] is not pipelined. Pipelining DSP48 input will improve performance.
Related violations: <none>

DPIP-2#14 Warning
Input pipelining  
DSP fft_inst/butterfly_stage/BF11/fft_complex_mult_unit/k2 input fft_inst/butterfly_stage/BF11/fft_complex_mult_unit/k2/A[29:0] is not pipelined. Pipelining DSP48 input will improve performance.
Related violations: <none>

DPIP-2#15 Warning
Input pipelining  
DSP fft_inst/butterfly_stage/BF11/fft_complex_mult_unit/k2 input fft_inst/butterfly_stage/BF11/fft_complex_mult_unit/k2/B[17:0] is not pipelined. Pipelining DSP48 input will improve performance.
Related violations: <none>

DPIP-2#16 Warning
Input pipelining  
DSP fft_inst/butterfly_stage/BF11/fft_complex_mult_unit/k3 input fft_inst/butterfly_stage/BF11/fft_complex_mult_unit/k3/A[29:0] is not pipelined. Pipelining DSP48 input will improve performance.
Related violations: <none>

DPIP-2#17 Warning
Input pipelining  
DSP fft_inst/butterfly_stage/BF11/fft_complex_mult_unit/k3 input fft_inst/butterfly_stage/BF11/fft_complex_mult_unit/k3/B[17:0] is not pipelined. Pipelining DSP48 input will improve performance.
Related violations: <none>

DPIP-2#18 Warning
Input pipelining  
DSP fft_inst/butterfly_stage/BF12/fft_complex_mult_unit/k1 input fft_inst/butterfly_stage/BF12/fft_complex_mult_unit/k1/A[29:0] is not pipelined. Pipelining DSP48 input will improve performance.
Related violations: <none>

DPIP-2#19 Warning
Input pipelining  
DSP fft_inst/butterfly_stage/BF12/fft_complex_mult_unit/k1 input fft_inst/butterfly_stage/BF12/fft_complex_mult_unit/k1/B[17:0] is not pipelined. Pipelining DSP48 input will improve performance.
Related violations: <none>

DPIP-2#20 Warning
Input pipelining  
DSP fft_inst/butterfly_stage/BF12/fft_complex_mult_unit/k2 input fft_inst/butterfly_stage/BF12/fft_complex_mult_unit/k2/A[29:0] is not pipelined. Pipelining DSP48 input will improve performance.
Related violations: <none>

DPIP-2#21 Warning
Input pipelining  
DSP fft_inst/butterfly_stage/BF12/fft_complex_mult_unit/k2 input fft_inst/butterfly_stage/BF12/fft_complex_mult_unit/k2/B[17:0] is not pipelined. Pipelining DSP48 input will improve performance.
Related violations: <none>

DPIP-2#22 Warning
Input pipelining  
DSP fft_inst/butterfly_stage/BF12/fft_complex_mult_unit/k3 input fft_inst/butterfly_stage/BF12/fft_complex_mult_unit/k3/A[29:0] is not pipelined. Pipelining DSP48 input will improve performance.
Related violations: <none>

DPIP-2#23 Warning
Input pipelining  
DSP fft_inst/butterfly_stage/BF12/fft_complex_mult_unit/k3 input fft_inst/butterfly_stage/BF12/fft_complex_mult_unit/k3/B[17:0] is not pipelined. Pipelining DSP48 input will improve performance.
Related violations: <none>

DPIP-2#24 Warning
Input pipelining  
DSP fft_inst/butterfly_stage/BF13/fft_complex_mult_unit/k1 input fft_inst/butterfly_stage/BF13/fft_complex_mult_unit/k1/A[29:0] is not pipelined. Pipelining DSP48 input will improve performance.
Related violations: <none>

DPIP-2#25 Warning
Input pipelining  
DSP fft_inst/butterfly_stage/BF13/fft_complex_mult_unit/k1 input fft_inst/butterfly_stage/BF13/fft_complex_mult_unit/k1/B[17:0] is not pipelined. Pipelining DSP48 input will improve performance.
Related violations: <none>

DPIP-2#26 Warning
Input pipelining  
DSP fft_inst/butterfly_stage/BF13/fft_complex_mult_unit/k2 input fft_inst/butterfly_stage/BF13/fft_complex_mult_unit/k2/A[29:0] is not pipelined. Pipelining DSP48 input will improve performance.
Related violations: <none>

DPIP-2#27 Warning
Input pipelining  
DSP fft_inst/butterfly_stage/BF13/fft_complex_mult_unit/k2 input fft_inst/butterfly_stage/BF13/fft_complex_mult_unit/k2/B[17:0] is not pipelined. Pipelining DSP48 input will improve performance.
Related violations: <none>

DPIP-2#28 Warning
Input pipelining  
DSP fft_inst/butterfly_stage/BF13/fft_complex_mult_unit/k3 input fft_inst/butterfly_stage/BF13/fft_complex_mult_unit/k3/A[29:0] is not pipelined. Pipelining DSP48 input will improve performance.
Related violations: <none>

DPIP-2#29 Warning
Input pipelining  
DSP fft_inst/butterfly_stage/BF13/fft_complex_mult_unit/k3 input fft_inst/butterfly_stage/BF13/fft_complex_mult_unit/k3/B[17:0] is not pipelined. Pipelining DSP48 input will improve performance.
Related violations: <none>

DPIP-2#30 Warning
Input pipelining  
DSP fft_inst/butterfly_stage/BF14/fft_complex_mult_unit/k1 input fft_inst/butterfly_stage/BF14/fft_complex_mult_unit/k1/A[29:0] is not pipelined. Pipelining DSP48 input will improve performance.
Related violations: <none>

DPIP-2#31 Warning
Input pipelining  
DSP fft_inst/butterfly_stage/BF14/fft_complex_mult_unit/k1 input fft_inst/butterfly_stage/BF14/fft_complex_mult_unit/k1/B[17:0] is not pipelined. Pipelining DSP48 input will improve performance.
Related violations: <none>

DPIP-2#32 Warning
Input pipelining  
DSP fft_inst/butterfly_stage/BF14/fft_complex_mult_unit/k2 input fft_inst/butterfly_stage/BF14/fft_complex_mult_unit/k2/A[29:0] is not pipelined. Pipelining DSP48 input will improve performance.
Related violations: <none>

DPIP-2#33 Warning
Input pipelining  
DSP fft_inst/butterfly_stage/BF14/fft_complex_mult_unit/k2 input fft_inst/butterfly_stage/BF14/fft_complex_mult_unit/k2/B[17:0] is not pipelined. Pipelining DSP48 input will improve performance.
Related violations: <none>

DPIP-2#34 Warning
Input pipelining  
DSP fft_inst/butterfly_stage/BF14/fft_complex_mult_unit/k3 input fft_inst/butterfly_stage/BF14/fft_complex_mult_unit/k3/A[29:0] is not pipelined. Pipelining DSP48 input will improve performance.
Related violations: <none>

DPIP-2#35 Warning
Input pipelining  
DSP fft_inst/butterfly_stage/BF14/fft_complex_mult_unit/k3 input fft_inst/butterfly_stage/BF14/fft_complex_mult_unit/k3/B[17:0] is not pipelined. Pipelining DSP48 input will improve performance.
Related violations: <none>

DPIP-2#36 Warning
Input pipelining  
DSP fft_inst/butterfly_stage/BF15/fft_complex_mult_unit/k1 input fft_inst/butterfly_stage/BF15/fft_complex_mult_unit/k1/A[29:0] is not pipelined. Pipelining DSP48 input will improve performance.
Related violations: <none>

DPIP-2#37 Warning
Input pipelining  
DSP fft_inst/butterfly_stage/BF15/fft_complex_mult_unit/k1 input fft_inst/butterfly_stage/BF15/fft_complex_mult_unit/k1/B[17:0] is not pipelined. Pipelining DSP48 input will improve performance.
Related violations: <none>

DPIP-2#38 Warning
Input pipelining  
DSP fft_inst/butterfly_stage/BF15/fft_complex_mult_unit/k2 input fft_inst/butterfly_stage/BF15/fft_complex_mult_unit/k2/A[29:0] is not pipelined. Pipelining DSP48 input will improve performance.
Related violations: <none>

DPIP-2#39 Warning
Input pipelining  
DSP fft_inst/butterfly_stage/BF15/fft_complex_mult_unit/k2 input fft_inst/butterfly_stage/BF15/fft_complex_mult_unit/k2/B[17:0] is not pipelined. Pipelining DSP48 input will improve performance.
Related violations: <none>

DPIP-2#40 Warning
Input pipelining  
DSP fft_inst/butterfly_stage/BF15/fft_complex_mult_unit/k3 input fft_inst/butterfly_stage/BF15/fft_complex_mult_unit/k3/A[29:0] is not pipelined. Pipelining DSP48 input will improve performance.
Related violations: <none>

DPIP-2#41 Warning
Input pipelining  
DSP fft_inst/butterfly_stage/BF15/fft_complex_mult_unit/k3 input fft_inst/butterfly_stage/BF15/fft_complex_mult_unit/k3/B[17:0] is not pipelined. Pipelining DSP48 input will improve performance.
Related violations: <none>

DPIP-2#42 Warning
Input pipelining  
DSP fft_inst/butterfly_stage/BF16/fft_complex_mult_unit/k1 input fft_inst/butterfly_stage/BF16/fft_complex_mult_unit/k1/A[29:0] is not pipelined. Pipelining DSP48 input will improve performance.
Related violations: <none>

DPIP-2#43 Warning
Input pipelining  
DSP fft_inst/butterfly_stage/BF16/fft_complex_mult_unit/k1 input fft_inst/butterfly_stage/BF16/fft_complex_mult_unit/k1/B[17:0] is not pipelined. Pipelining DSP48 input will improve performance.
Related violations: <none>

DPIP-2#44 Warning
Input pipelining  
DSP fft_inst/butterfly_stage/BF16/fft_complex_mult_unit/k2 input fft_inst/butterfly_stage/BF16/fft_complex_mult_unit/k2/A[29:0] is not pipelined. Pipelining DSP48 input will improve performance.
Related violations: <none>

DPIP-2#45 Warning
Input pipelining  
DSP fft_inst/butterfly_stage/BF16/fft_complex_mult_unit/k2 input fft_inst/butterfly_stage/BF16/fft_complex_mult_unit/k2/B[17:0] is not pipelined. Pipelining DSP48 input will improve performance.
Related violations: <none>

DPIP-2#46 Warning
Input pipelining  
DSP fft_inst/butterfly_stage/BF16/fft_complex_mult_unit/k3 input fft_inst/butterfly_stage/BF16/fft_complex_mult_unit/k3/A[29:0] is not pipelined. Pipelining DSP48 input will improve performance.
Related violations: <none>

DPIP-2#47 Warning
Input pipelining  
DSP fft_inst/butterfly_stage/BF16/fft_complex_mult_unit/k3 input fft_inst/butterfly_stage/BF16/fft_complex_mult_unit/k3/B[17:0] is not pipelined. Pipelining DSP48 input will improve performance.
Related violations: <none>

DPIP-2#48 Warning
Input pipelining  
DSP fft_inst/butterfly_stage/BF2/fft_complex_mult_unit/k1 input fft_inst/butterfly_stage/BF2/fft_complex_mult_unit/k1/A[29:0] is not pipelined. Pipelining DSP48 input will improve performance.
Related violations: <none>

DPIP-2#49 Warning
Input pipelining  
DSP fft_inst/butterfly_stage/BF2/fft_complex_mult_unit/k1 input fft_inst/butterfly_stage/BF2/fft_complex_mult_unit/k1/B[17:0] is not pipelined. Pipelining DSP48 input will improve performance.
Related violations: <none>

DPIP-2#50 Warning
Input pipelining  
DSP fft_inst/butterfly_stage/BF2/fft_complex_mult_unit/k2 input fft_inst/butterfly_stage/BF2/fft_complex_mult_unit/k2/A[29:0] is not pipelined. Pipelining DSP48 input will improve performance.
Related violations: <none>

DPIP-2#51 Warning
Input pipelining  
DSP fft_inst/butterfly_stage/BF2/fft_complex_mult_unit/k2 input fft_inst/butterfly_stage/BF2/fft_complex_mult_unit/k2/B[17:0] is not pipelined. Pipelining DSP48 input will improve performance.
Related violations: <none>

DPIP-2#52 Warning
Input pipelining  
DSP fft_inst/butterfly_stage/BF2/fft_complex_mult_unit/k3 input fft_inst/butterfly_stage/BF2/fft_complex_mult_unit/k3/A[29:0] is not pipelined. Pipelining DSP48 input will improve performance.
Related violations: <none>

DPIP-2#53 Warning
Input pipelining  
DSP fft_inst/butterfly_stage/BF2/fft_complex_mult_unit/k3 input fft_inst/butterfly_stage/BF2/fft_complex_mult_unit/k3/B[17:0] is not pipelined. Pipelining DSP48 input will improve performance.
Related violations: <none>

DPIP-2#54 Warning
Input pipelining  
DSP fft_inst/butterfly_stage/BF3/fft_complex_mult_unit/k1 input fft_inst/butterfly_stage/BF3/fft_complex_mult_unit/k1/A[29:0] is not pipelined. Pipelining DSP48 input will improve performance.
Related violations: <none>

DPIP-2#55 Warning
Input pipelining  
DSP fft_inst/butterfly_stage/BF3/fft_complex_mult_unit/k1 input fft_inst/butterfly_stage/BF3/fft_complex_mult_unit/k1/B[17:0] is not pipelined. Pipelining DSP48 input will improve performance.
Related violations: <none>

DPIP-2#56 Warning
Input pipelining  
DSP fft_inst/butterfly_stage/BF3/fft_complex_mult_unit/k2 input fft_inst/butterfly_stage/BF3/fft_complex_mult_unit/k2/A[29:0] is not pipelined. Pipelining DSP48 input will improve performance.
Related violations: <none>

DPIP-2#57 Warning
Input pipelining  
DSP fft_inst/butterfly_stage/BF3/fft_complex_mult_unit/k2 input fft_inst/butterfly_stage/BF3/fft_complex_mult_unit/k2/B[17:0] is not pipelined. Pipelining DSP48 input will improve performance.
Related violations: <none>

DPIP-2#58 Warning
Input pipelining  
DSP fft_inst/butterfly_stage/BF3/fft_complex_mult_unit/k3 input fft_inst/butterfly_stage/BF3/fft_complex_mult_unit/k3/A[29:0] is not pipelined. Pipelining DSP48 input will improve performance.
Related violations: <none>

DPIP-2#59 Warning
Input pipelining  
DSP fft_inst/butterfly_stage/BF3/fft_complex_mult_unit/k3 input fft_inst/butterfly_stage/BF3/fft_complex_mult_unit/k3/B[17:0] is not pipelined. Pipelining DSP48 input will improve performance.
Related violations: <none>

DPIP-2#60 Warning
Input pipelining  
DSP fft_inst/butterfly_stage/BF4/fft_complex_mult_unit/k1 input fft_inst/butterfly_stage/BF4/fft_complex_mult_unit/k1/A[29:0] is not pipelined. Pipelining DSP48 input will improve performance.
Related violations: <none>

DPIP-2#61 Warning
Input pipelining  
DSP fft_inst/butterfly_stage/BF4/fft_complex_mult_unit/k1 input fft_inst/butterfly_stage/BF4/fft_complex_mult_unit/k1/B[17:0] is not pipelined. Pipelining DSP48 input will improve performance.
Related violations: <none>

DPIP-2#62 Warning
Input pipelining  
DSP fft_inst/butterfly_stage/BF4/fft_complex_mult_unit/k2 input fft_inst/butterfly_stage/BF4/fft_complex_mult_unit/k2/A[29:0] is not pipelined. Pipelining DSP48 input will improve performance.
Related violations: <none>

DPIP-2#63 Warning
Input pipelining  
DSP fft_inst/butterfly_stage/BF4/fft_complex_mult_unit/k2 input fft_inst/butterfly_stage/BF4/fft_complex_mult_unit/k2/B[17:0] is not pipelined. Pipelining DSP48 input will improve performance.
Related violations: <none>

DPIP-2#64 Warning
Input pipelining  
DSP fft_inst/butterfly_stage/BF4/fft_complex_mult_unit/k3 input fft_inst/butterfly_stage/BF4/fft_complex_mult_unit/k3/A[29:0] is not pipelined. Pipelining DSP48 input will improve performance.
Related violations: <none>

DPIP-2#65 Warning
Input pipelining  
DSP fft_inst/butterfly_stage/BF4/fft_complex_mult_unit/k3 input fft_inst/butterfly_stage/BF4/fft_complex_mult_unit/k3/B[17:0] is not pipelined. Pipelining DSP48 input will improve performance.
Related violations: <none>

DPIP-2#66 Warning
Input pipelining  
DSP fft_inst/butterfly_stage/BF5/fft_complex_mult_unit/k1 input fft_inst/butterfly_stage/BF5/fft_complex_mult_unit/k1/A[29:0] is not pipelined. Pipelining DSP48 input will improve performance.
Related violations: <none>

DPIP-2#67 Warning
Input pipelining  
DSP fft_inst/butterfly_stage/BF5/fft_complex_mult_unit/k1 input fft_inst/butterfly_stage/BF5/fft_complex_mult_unit/k1/B[17:0] is not pipelined. Pipelining DSP48 input will improve performance.
Related violations: <none>

DPIP-2#68 Warning
Input pipelining  
DSP fft_inst/butterfly_stage/BF5/fft_complex_mult_unit/k2 input fft_inst/butterfly_stage/BF5/fft_complex_mult_unit/k2/A[29:0] is not pipelined. Pipelining DSP48 input will improve performance.
Related violations: <none>

DPIP-2#69 Warning
Input pipelining  
DSP fft_inst/butterfly_stage/BF5/fft_complex_mult_unit/k2 input fft_inst/butterfly_stage/BF5/fft_complex_mult_unit/k2/B[17:0] is not pipelined. Pipelining DSP48 input will improve performance.
Related violations: <none>

DPIP-2#70 Warning
Input pipelining  
DSP fft_inst/butterfly_stage/BF5/fft_complex_mult_unit/k3 input fft_inst/butterfly_stage/BF5/fft_complex_mult_unit/k3/A[29:0] is not pipelined. Pipelining DSP48 input will improve performance.
Related violations: <none>

DPIP-2#71 Warning
Input pipelining  
DSP fft_inst/butterfly_stage/BF5/fft_complex_mult_unit/k3 input fft_inst/butterfly_stage/BF5/fft_complex_mult_unit/k3/B[17:0] is not pipelined. Pipelining DSP48 input will improve performance.
Related violations: <none>

DPIP-2#72 Warning
Input pipelining  
DSP fft_inst/butterfly_stage/BF6/fft_complex_mult_unit/k1 input fft_inst/butterfly_stage/BF6/fft_complex_mult_unit/k1/A[29:0] is not pipelined. Pipelining DSP48 input will improve performance.
Related violations: <none>

DPIP-2#73 Warning
Input pipelining  
DSP fft_inst/butterfly_stage/BF6/fft_complex_mult_unit/k1 input fft_inst/butterfly_stage/BF6/fft_complex_mult_unit/k1/B[17:0] is not pipelined. Pipelining DSP48 input will improve performance.
Related violations: <none>

DPIP-2#74 Warning
Input pipelining  
DSP fft_inst/butterfly_stage/BF6/fft_complex_mult_unit/k2 input fft_inst/butterfly_stage/BF6/fft_complex_mult_unit/k2/A[29:0] is not pipelined. Pipelining DSP48 input will improve performance.
Related violations: <none>

DPIP-2#75 Warning
Input pipelining  
DSP fft_inst/butterfly_stage/BF6/fft_complex_mult_unit/k2 input fft_inst/butterfly_stage/BF6/fft_complex_mult_unit/k2/B[17:0] is not pipelined. Pipelining DSP48 input will improve performance.
Related violations: <none>

DPIP-2#76 Warning
Input pipelining  
DSP fft_inst/butterfly_stage/BF6/fft_complex_mult_unit/k3 input fft_inst/butterfly_stage/BF6/fft_complex_mult_unit/k3/A[29:0] is not pipelined. Pipelining DSP48 input will improve performance.
Related violations: <none>

DPIP-2#77 Warning
Input pipelining  
DSP fft_inst/butterfly_stage/BF6/fft_complex_mult_unit/k3 input fft_inst/butterfly_stage/BF6/fft_complex_mult_unit/k3/B[17:0] is not pipelined. Pipelining DSP48 input will improve performance.
Related violations: <none>

DPIP-2#78 Warning
Input pipelining  
DSP fft_inst/butterfly_stage/BF7/fft_complex_mult_unit/k1 input fft_inst/butterfly_stage/BF7/fft_complex_mult_unit/k1/A[29:0] is not pipelined. Pipelining DSP48 input will improve performance.
Related violations: <none>

DPIP-2#79 Warning
Input pipelining  
DSP fft_inst/butterfly_stage/BF7/fft_complex_mult_unit/k1 input fft_inst/butterfly_stage/BF7/fft_complex_mult_unit/k1/B[17:0] is not pipelined. Pipelining DSP48 input will improve performance.
Related violations: <none>

DPIP-2#80 Warning
Input pipelining  
DSP fft_inst/butterfly_stage/BF7/fft_complex_mult_unit/k2 input fft_inst/butterfly_stage/BF7/fft_complex_mult_unit/k2/A[29:0] is not pipelined. Pipelining DSP48 input will improve performance.
Related violations: <none>

DPIP-2#81 Warning
Input pipelining  
DSP fft_inst/butterfly_stage/BF7/fft_complex_mult_unit/k2 input fft_inst/butterfly_stage/BF7/fft_complex_mult_unit/k2/B[17:0] is not pipelined. Pipelining DSP48 input will improve performance.
Related violations: <none>

DPIP-2#82 Warning
Input pipelining  
DSP fft_inst/butterfly_stage/BF7/fft_complex_mult_unit/k3 input fft_inst/butterfly_stage/BF7/fft_complex_mult_unit/k3/A[29:0] is not pipelined. Pipelining DSP48 input will improve performance.
Related violations: <none>

DPIP-2#83 Warning
Input pipelining  
DSP fft_inst/butterfly_stage/BF7/fft_complex_mult_unit/k3 input fft_inst/butterfly_stage/BF7/fft_complex_mult_unit/k3/B[17:0] is not pipelined. Pipelining DSP48 input will improve performance.
Related violations: <none>

DPIP-2#84 Warning
Input pipelining  
DSP fft_inst/butterfly_stage/BF8/fft_complex_mult_unit/k1 input fft_inst/butterfly_stage/BF8/fft_complex_mult_unit/k1/A[29:0] is not pipelined. Pipelining DSP48 input will improve performance.
Related violations: <none>

DPIP-2#85 Warning
Input pipelining  
DSP fft_inst/butterfly_stage/BF8/fft_complex_mult_unit/k1 input fft_inst/butterfly_stage/BF8/fft_complex_mult_unit/k1/B[17:0] is not pipelined. Pipelining DSP48 input will improve performance.
Related violations: <none>

DPIP-2#86 Warning
Input pipelining  
DSP fft_inst/butterfly_stage/BF8/fft_complex_mult_unit/k2 input fft_inst/butterfly_stage/BF8/fft_complex_mult_unit/k2/A[29:0] is not pipelined. Pipelining DSP48 input will improve performance.
Related violations: <none>

DPIP-2#87 Warning
Input pipelining  
DSP fft_inst/butterfly_stage/BF8/fft_complex_mult_unit/k2 input fft_inst/butterfly_stage/BF8/fft_complex_mult_unit/k2/B[17:0] is not pipelined. Pipelining DSP48 input will improve performance.
Related violations: <none>

DPIP-2#88 Warning
Input pipelining  
DSP fft_inst/butterfly_stage/BF8/fft_complex_mult_unit/k3 input fft_inst/butterfly_stage/BF8/fft_complex_mult_unit/k3/A[29:0] is not pipelined. Pipelining DSP48 input will improve performance.
Related violations: <none>

DPIP-2#89 Warning
Input pipelining  
DSP fft_inst/butterfly_stage/BF8/fft_complex_mult_unit/k3 input fft_inst/butterfly_stage/BF8/fft_complex_mult_unit/k3/B[17:0] is not pipelined. Pipelining DSP48 input will improve performance.
Related violations: <none>

DPIP-2#90 Warning
Input pipelining  
DSP fft_inst/butterfly_stage/BF9/fft_complex_mult_unit/k1 input fft_inst/butterfly_stage/BF9/fft_complex_mult_unit/k1/A[29:0] is not pipelined. Pipelining DSP48 input will improve performance.
Related violations: <none>

DPIP-2#91 Warning
Input pipelining  
DSP fft_inst/butterfly_stage/BF9/fft_complex_mult_unit/k1 input fft_inst/butterfly_stage/BF9/fft_complex_mult_unit/k1/B[17:0] is not pipelined. Pipelining DSP48 input will improve performance.
Related violations: <none>

DPIP-2#92 Warning
Input pipelining  
DSP fft_inst/butterfly_stage/BF9/fft_complex_mult_unit/k2 input fft_inst/butterfly_stage/BF9/fft_complex_mult_unit/k2/A[29:0] is not pipelined. Pipelining DSP48 input will improve performance.
Related violations: <none>

DPIP-2#93 Warning
Input pipelining  
DSP fft_inst/butterfly_stage/BF9/fft_complex_mult_unit/k2 input fft_inst/butterfly_stage/BF9/fft_complex_mult_unit/k2/B[17:0] is not pipelined. Pipelining DSP48 input will improve performance.
Related violations: <none>

DPIP-2#94 Warning
Input pipelining  
DSP fft_inst/butterfly_stage/BF9/fft_complex_mult_unit/k3 input fft_inst/butterfly_stage/BF9/fft_complex_mult_unit/k3/A[29:0] is not pipelined. Pipelining DSP48 input will improve performance.
Related violations: <none>

DPIP-2#95 Warning
Input pipelining  
DSP fft_inst/butterfly_stage/BF9/fft_complex_mult_unit/k3 input fft_inst/butterfly_stage/BF9/fft_complex_mult_unit/k3/B[17:0] is not pipelined. Pipelining DSP48 input will improve performance.
Related violations: <none>

DPOP-3#1 Warning
PREG Output pipelining  
DSP fft_inst/butterfly_stage/BF1/fft_complex_mult_unit/k1 output fft_inst/butterfly_stage/BF1/fft_complex_mult_unit/k1/P[47:0] is not pipelined (PREG=0). Pipelining the DSP48 output will improve performance and often saves power so it is suggested whenever possible to fully pipeline this function.  If this DSP48 function was inferred, it is suggested to describe an additional register stage after this function.  If the DSP48 was instantiated in the design, it is suggested to set the PREG attribute to 1.
Related violations: <none>

DPOP-3#2 Warning
PREG Output pipelining  
DSP fft_inst/butterfly_stage/BF1/fft_complex_mult_unit/k2 output fft_inst/butterfly_stage/BF1/fft_complex_mult_unit/k2/P[47:0] is not pipelined (PREG=0). Pipelining the DSP48 output will improve performance and often saves power so it is suggested whenever possible to fully pipeline this function.  If this DSP48 function was inferred, it is suggested to describe an additional register stage after this function.  If the DSP48 was instantiated in the design, it is suggested to set the PREG attribute to 1.
Related violations: <none>

DPOP-3#3 Warning
PREG Output pipelining  
DSP fft_inst/butterfly_stage/BF1/fft_complex_mult_unit/k3 output fft_inst/butterfly_stage/BF1/fft_complex_mult_unit/k3/P[47:0] is not pipelined (PREG=0). Pipelining the DSP48 output will improve performance and often saves power so it is suggested whenever possible to fully pipeline this function.  If this DSP48 function was inferred, it is suggested to describe an additional register stage after this function.  If the DSP48 was instantiated in the design, it is suggested to set the PREG attribute to 1.
Related violations: <none>

DPOP-3#4 Warning
PREG Output pipelining  
DSP fft_inst/butterfly_stage/BF10/fft_complex_mult_unit/k1 output fft_inst/butterfly_stage/BF10/fft_complex_mult_unit/k1/P[47:0] is not pipelined (PREG=0). Pipelining the DSP48 output will improve performance and often saves power so it is suggested whenever possible to fully pipeline this function.  If this DSP48 function was inferred, it is suggested to describe an additional register stage after this function.  If the DSP48 was instantiated in the design, it is suggested to set the PREG attribute to 1.
Related violations: <none>

DPOP-3#5 Warning
PREG Output pipelining  
DSP fft_inst/butterfly_stage/BF10/fft_complex_mult_unit/k2 output fft_inst/butterfly_stage/BF10/fft_complex_mult_unit/k2/P[47:0] is not pipelined (PREG=0). Pipelining the DSP48 output will improve performance and often saves power so it is suggested whenever possible to fully pipeline this function.  If this DSP48 function was inferred, it is suggested to describe an additional register stage after this function.  If the DSP48 was instantiated in the design, it is suggested to set the PREG attribute to 1.
Related violations: <none>

DPOP-3#6 Warning
PREG Output pipelining  
DSP fft_inst/butterfly_stage/BF10/fft_complex_mult_unit/k3 output fft_inst/butterfly_stage/BF10/fft_complex_mult_unit/k3/P[47:0] is not pipelined (PREG=0). Pipelining the DSP48 output will improve performance and often saves power so it is suggested whenever possible to fully pipeline this function.  If this DSP48 function was inferred, it is suggested to describe an additional register stage after this function.  If the DSP48 was instantiated in the design, it is suggested to set the PREG attribute to 1.
Related violations: <none>

DPOP-3#7 Warning
PREG Output pipelining  
DSP fft_inst/butterfly_stage/BF11/fft_complex_mult_unit/k1 output fft_inst/butterfly_stage/BF11/fft_complex_mult_unit/k1/P[47:0] is not pipelined (PREG=0). Pipelining the DSP48 output will improve performance and often saves power so it is suggested whenever possible to fully pipeline this function.  If this DSP48 function was inferred, it is suggested to describe an additional register stage after this function.  If the DSP48 was instantiated in the design, it is suggested to set the PREG attribute to 1.
Related violations: <none>

DPOP-3#8 Warning
PREG Output pipelining  
DSP fft_inst/butterfly_stage/BF11/fft_complex_mult_unit/k2 output fft_inst/butterfly_stage/BF11/fft_complex_mult_unit/k2/P[47:0] is not pipelined (PREG=0). Pipelining the DSP48 output will improve performance and often saves power so it is suggested whenever possible to fully pipeline this function.  If this DSP48 function was inferred, it is suggested to describe an additional register stage after this function.  If the DSP48 was instantiated in the design, it is suggested to set the PREG attribute to 1.
Related violations: <none>

DPOP-3#9 Warning
PREG Output pipelining  
DSP fft_inst/butterfly_stage/BF11/fft_complex_mult_unit/k3 output fft_inst/butterfly_stage/BF11/fft_complex_mult_unit/k3/P[47:0] is not pipelined (PREG=0). Pipelining the DSP48 output will improve performance and often saves power so it is suggested whenever possible to fully pipeline this function.  If this DSP48 function was inferred, it is suggested to describe an additional register stage after this function.  If the DSP48 was instantiated in the design, it is suggested to set the PREG attribute to 1.
Related violations: <none>

DPOP-3#10 Warning
PREG Output pipelining  
DSP fft_inst/butterfly_stage/BF12/fft_complex_mult_unit/k1 output fft_inst/butterfly_stage/BF12/fft_complex_mult_unit/k1/P[47:0] is not pipelined (PREG=0). Pipelining the DSP48 output will improve performance and often saves power so it is suggested whenever possible to fully pipeline this function.  If this DSP48 function was inferred, it is suggested to describe an additional register stage after this function.  If the DSP48 was instantiated in the design, it is suggested to set the PREG attribute to 1.
Related violations: <none>

DPOP-3#11 Warning
PREG Output pipelining  
DSP fft_inst/butterfly_stage/BF12/fft_complex_mult_unit/k2 output fft_inst/butterfly_stage/BF12/fft_complex_mult_unit/k2/P[47:0] is not pipelined (PREG=0). Pipelining the DSP48 output will improve performance and often saves power so it is suggested whenever possible to fully pipeline this function.  If this DSP48 function was inferred, it is suggested to describe an additional register stage after this function.  If the DSP48 was instantiated in the design, it is suggested to set the PREG attribute to 1.
Related violations: <none>

DPOP-3#12 Warning
PREG Output pipelining  
DSP fft_inst/butterfly_stage/BF12/fft_complex_mult_unit/k3 output fft_inst/butterfly_stage/BF12/fft_complex_mult_unit/k3/P[47:0] is not pipelined (PREG=0). Pipelining the DSP48 output will improve performance and often saves power so it is suggested whenever possible to fully pipeline this function.  If this DSP48 function was inferred, it is suggested to describe an additional register stage after this function.  If the DSP48 was instantiated in the design, it is suggested to set the PREG attribute to 1.
Related violations: <none>

DPOP-3#13 Warning
PREG Output pipelining  
DSP fft_inst/butterfly_stage/BF13/fft_complex_mult_unit/k1 output fft_inst/butterfly_stage/BF13/fft_complex_mult_unit/k1/P[47:0] is not pipelined (PREG=0). Pipelining the DSP48 output will improve performance and often saves power so it is suggested whenever possible to fully pipeline this function.  If this DSP48 function was inferred, it is suggested to describe an additional register stage after this function.  If the DSP48 was instantiated in the design, it is suggested to set the PREG attribute to 1.
Related violations: <none>

DPOP-3#14 Warning
PREG Output pipelining  
DSP fft_inst/butterfly_stage/BF13/fft_complex_mult_unit/k2 output fft_inst/butterfly_stage/BF13/fft_complex_mult_unit/k2/P[47:0] is not pipelined (PREG=0). Pipelining the DSP48 output will improve performance and often saves power so it is suggested whenever possible to fully pipeline this function.  If this DSP48 function was inferred, it is suggested to describe an additional register stage after this function.  If the DSP48 was instantiated in the design, it is suggested to set the PREG attribute to 1.
Related violations: <none>

DPOP-3#15 Warning
PREG Output pipelining  
DSP fft_inst/butterfly_stage/BF13/fft_complex_mult_unit/k3 output fft_inst/butterfly_stage/BF13/fft_complex_mult_unit/k3/P[47:0] is not pipelined (PREG=0). Pipelining the DSP48 output will improve performance and often saves power so it is suggested whenever possible to fully pipeline this function.  If this DSP48 function was inferred, it is suggested to describe an additional register stage after this function.  If the DSP48 was instantiated in the design, it is suggested to set the PREG attribute to 1.
Related violations: <none>

DPOP-3#16 Warning
PREG Output pipelining  
DSP fft_inst/butterfly_stage/BF14/fft_complex_mult_unit/k1 output fft_inst/butterfly_stage/BF14/fft_complex_mult_unit/k1/P[47:0] is not pipelined (PREG=0). Pipelining the DSP48 output will improve performance and often saves power so it is suggested whenever possible to fully pipeline this function.  If this DSP48 function was inferred, it is suggested to describe an additional register stage after this function.  If the DSP48 was instantiated in the design, it is suggested to set the PREG attribute to 1.
Related violations: <none>

DPOP-3#17 Warning
PREG Output pipelining  
DSP fft_inst/butterfly_stage/BF14/fft_complex_mult_unit/k2 output fft_inst/butterfly_stage/BF14/fft_complex_mult_unit/k2/P[47:0] is not pipelined (PREG=0). Pipelining the DSP48 output will improve performance and often saves power so it is suggested whenever possible to fully pipeline this function.  If this DSP48 function was inferred, it is suggested to describe an additional register stage after this function.  If the DSP48 was instantiated in the design, it is suggested to set the PREG attribute to 1.
Related violations: <none>

DPOP-3#18 Warning
PREG Output pipelining  
DSP fft_inst/butterfly_stage/BF14/fft_complex_mult_unit/k3 output fft_inst/butterfly_stage/BF14/fft_complex_mult_unit/k3/P[47:0] is not pipelined (PREG=0). Pipelining the DSP48 output will improve performance and often saves power so it is suggested whenever possible to fully pipeline this function.  If this DSP48 function was inferred, it is suggested to describe an additional register stage after this function.  If the DSP48 was instantiated in the design, it is suggested to set the PREG attribute to 1.
Related violations: <none>

DPOP-3#19 Warning
PREG Output pipelining  
DSP fft_inst/butterfly_stage/BF15/fft_complex_mult_unit/k1 output fft_inst/butterfly_stage/BF15/fft_complex_mult_unit/k1/P[47:0] is not pipelined (PREG=0). Pipelining the DSP48 output will improve performance and often saves power so it is suggested whenever possible to fully pipeline this function.  If this DSP48 function was inferred, it is suggested to describe an additional register stage after this function.  If the DSP48 was instantiated in the design, it is suggested to set the PREG attribute to 1.
Related violations: <none>

DPOP-3#20 Warning
PREG Output pipelining  
DSP fft_inst/butterfly_stage/BF15/fft_complex_mult_unit/k2 output fft_inst/butterfly_stage/BF15/fft_complex_mult_unit/k2/P[47:0] is not pipelined (PREG=0). Pipelining the DSP48 output will improve performance and often saves power so it is suggested whenever possible to fully pipeline this function.  If this DSP48 function was inferred, it is suggested to describe an additional register stage after this function.  If the DSP48 was instantiated in the design, it is suggested to set the PREG attribute to 1.
Related violations: <none>

DPOP-3#21 Warning
PREG Output pipelining  
DSP fft_inst/butterfly_stage/BF15/fft_complex_mult_unit/k3 output fft_inst/butterfly_stage/BF15/fft_complex_mult_unit/k3/P[47:0] is not pipelined (PREG=0). Pipelining the DSP48 output will improve performance and often saves power so it is suggested whenever possible to fully pipeline this function.  If this DSP48 function was inferred, it is suggested to describe an additional register stage after this function.  If the DSP48 was instantiated in the design, it is suggested to set the PREG attribute to 1.
Related violations: <none>

DPOP-3#22 Warning
PREG Output pipelining  
DSP fft_inst/butterfly_stage/BF16/fft_complex_mult_unit/k1 output fft_inst/butterfly_stage/BF16/fft_complex_mult_unit/k1/P[47:0] is not pipelined (PREG=0). Pipelining the DSP48 output will improve performance and often saves power so it is suggested whenever possible to fully pipeline this function.  If this DSP48 function was inferred, it is suggested to describe an additional register stage after this function.  If the DSP48 was instantiated in the design, it is suggested to set the PREG attribute to 1.
Related violations: <none>

DPOP-3#23 Warning
PREG Output pipelining  
DSP fft_inst/butterfly_stage/BF16/fft_complex_mult_unit/k2 output fft_inst/butterfly_stage/BF16/fft_complex_mult_unit/k2/P[47:0] is not pipelined (PREG=0). Pipelining the DSP48 output will improve performance and often saves power so it is suggested whenever possible to fully pipeline this function.  If this DSP48 function was inferred, it is suggested to describe an additional register stage after this function.  If the DSP48 was instantiated in the design, it is suggested to set the PREG attribute to 1.
Related violations: <none>

DPOP-3#24 Warning
PREG Output pipelining  
DSP fft_inst/butterfly_stage/BF16/fft_complex_mult_unit/k3 output fft_inst/butterfly_stage/BF16/fft_complex_mult_unit/k3/P[47:0] is not pipelined (PREG=0). Pipelining the DSP48 output will improve performance and often saves power so it is suggested whenever possible to fully pipeline this function.  If this DSP48 function was inferred, it is suggested to describe an additional register stage after this function.  If the DSP48 was instantiated in the design, it is suggested to set the PREG attribute to 1.
Related violations: <none>

DPOP-3#25 Warning
PREG Output pipelining  
DSP fft_inst/butterfly_stage/BF2/fft_complex_mult_unit/k1 output fft_inst/butterfly_stage/BF2/fft_complex_mult_unit/k1/P[47:0] is not pipelined (PREG=0). Pipelining the DSP48 output will improve performance and often saves power so it is suggested whenever possible to fully pipeline this function.  If this DSP48 function was inferred, it is suggested to describe an additional register stage after this function.  If the DSP48 was instantiated in the design, it is suggested to set the PREG attribute to 1.
Related violations: <none>

DPOP-3#26 Warning
PREG Output pipelining  
DSP fft_inst/butterfly_stage/BF2/fft_complex_mult_unit/k2 output fft_inst/butterfly_stage/BF2/fft_complex_mult_unit/k2/P[47:0] is not pipelined (PREG=0). Pipelining the DSP48 output will improve performance and often saves power so it is suggested whenever possible to fully pipeline this function.  If this DSP48 function was inferred, it is suggested to describe an additional register stage after this function.  If the DSP48 was instantiated in the design, it is suggested to set the PREG attribute to 1.
Related violations: <none>

DPOP-3#27 Warning
PREG Output pipelining  
DSP fft_inst/butterfly_stage/BF2/fft_complex_mult_unit/k3 output fft_inst/butterfly_stage/BF2/fft_complex_mult_unit/k3/P[47:0] is not pipelined (PREG=0). Pipelining the DSP48 output will improve performance and often saves power so it is suggested whenever possible to fully pipeline this function.  If this DSP48 function was inferred, it is suggested to describe an additional register stage after this function.  If the DSP48 was instantiated in the design, it is suggested to set the PREG attribute to 1.
Related violations: <none>

DPOP-3#28 Warning
PREG Output pipelining  
DSP fft_inst/butterfly_stage/BF3/fft_complex_mult_unit/k1 output fft_inst/butterfly_stage/BF3/fft_complex_mult_unit/k1/P[47:0] is not pipelined (PREG=0). Pipelining the DSP48 output will improve performance and often saves power so it is suggested whenever possible to fully pipeline this function.  If this DSP48 function was inferred, it is suggested to describe an additional register stage after this function.  If the DSP48 was instantiated in the design, it is suggested to set the PREG attribute to 1.
Related violations: <none>

DPOP-3#29 Warning
PREG Output pipelining  
DSP fft_inst/butterfly_stage/BF3/fft_complex_mult_unit/k2 output fft_inst/butterfly_stage/BF3/fft_complex_mult_unit/k2/P[47:0] is not pipelined (PREG=0). Pipelining the DSP48 output will improve performance and often saves power so it is suggested whenever possible to fully pipeline this function.  If this DSP48 function was inferred, it is suggested to describe an additional register stage after this function.  If the DSP48 was instantiated in the design, it is suggested to set the PREG attribute to 1.
Related violations: <none>

DPOP-3#30 Warning
PREG Output pipelining  
DSP fft_inst/butterfly_stage/BF3/fft_complex_mult_unit/k3 output fft_inst/butterfly_stage/BF3/fft_complex_mult_unit/k3/P[47:0] is not pipelined (PREG=0). Pipelining the DSP48 output will improve performance and often saves power so it is suggested whenever possible to fully pipeline this function.  If this DSP48 function was inferred, it is suggested to describe an additional register stage after this function.  If the DSP48 was instantiated in the design, it is suggested to set the PREG attribute to 1.
Related violations: <none>

DPOP-3#31 Warning
PREG Output pipelining  
DSP fft_inst/butterfly_stage/BF4/fft_complex_mult_unit/k1 output fft_inst/butterfly_stage/BF4/fft_complex_mult_unit/k1/P[47:0] is not pipelined (PREG=0). Pipelining the DSP48 output will improve performance and often saves power so it is suggested whenever possible to fully pipeline this function.  If this DSP48 function was inferred, it is suggested to describe an additional register stage after this function.  If the DSP48 was instantiated in the design, it is suggested to set the PREG attribute to 1.
Related violations: <none>

DPOP-3#32 Warning
PREG Output pipelining  
DSP fft_inst/butterfly_stage/BF4/fft_complex_mult_unit/k2 output fft_inst/butterfly_stage/BF4/fft_complex_mult_unit/k2/P[47:0] is not pipelined (PREG=0). Pipelining the DSP48 output will improve performance and often saves power so it is suggested whenever possible to fully pipeline this function.  If this DSP48 function was inferred, it is suggested to describe an additional register stage after this function.  If the DSP48 was instantiated in the design, it is suggested to set the PREG attribute to 1.
Related violations: <none>

DPOP-3#33 Warning
PREG Output pipelining  
DSP fft_inst/butterfly_stage/BF4/fft_complex_mult_unit/k3 output fft_inst/butterfly_stage/BF4/fft_complex_mult_unit/k3/P[47:0] is not pipelined (PREG=0). Pipelining the DSP48 output will improve performance and often saves power so it is suggested whenever possible to fully pipeline this function.  If this DSP48 function was inferred, it is suggested to describe an additional register stage after this function.  If the DSP48 was instantiated in the design, it is suggested to set the PREG attribute to 1.
Related violations: <none>

DPOP-3#34 Warning
PREG Output pipelining  
DSP fft_inst/butterfly_stage/BF5/fft_complex_mult_unit/k1 output fft_inst/butterfly_stage/BF5/fft_complex_mult_unit/k1/P[47:0] is not pipelined (PREG=0). Pipelining the DSP48 output will improve performance and often saves power so it is suggested whenever possible to fully pipeline this function.  If this DSP48 function was inferred, it is suggested to describe an additional register stage after this function.  If the DSP48 was instantiated in the design, it is suggested to set the PREG attribute to 1.
Related violations: <none>

DPOP-3#35 Warning
PREG Output pipelining  
DSP fft_inst/butterfly_stage/BF5/fft_complex_mult_unit/k2 output fft_inst/butterfly_stage/BF5/fft_complex_mult_unit/k2/P[47:0] is not pipelined (PREG=0). Pipelining the DSP48 output will improve performance and often saves power so it is suggested whenever possible to fully pipeline this function.  If this DSP48 function was inferred, it is suggested to describe an additional register stage after this function.  If the DSP48 was instantiated in the design, it is suggested to set the PREG attribute to 1.
Related violations: <none>

DPOP-3#36 Warning
PREG Output pipelining  
DSP fft_inst/butterfly_stage/BF5/fft_complex_mult_unit/k3 output fft_inst/butterfly_stage/BF5/fft_complex_mult_unit/k3/P[47:0] is not pipelined (PREG=0). Pipelining the DSP48 output will improve performance and often saves power so it is suggested whenever possible to fully pipeline this function.  If this DSP48 function was inferred, it is suggested to describe an additional register stage after this function.  If the DSP48 was instantiated in the design, it is suggested to set the PREG attribute to 1.
Related violations: <none>

DPOP-3#37 Warning
PREG Output pipelining  
DSP fft_inst/butterfly_stage/BF6/fft_complex_mult_unit/k1 output fft_inst/butterfly_stage/BF6/fft_complex_mult_unit/k1/P[47:0] is not pipelined (PREG=0). Pipelining the DSP48 output will improve performance and often saves power so it is suggested whenever possible to fully pipeline this function.  If this DSP48 function was inferred, it is suggested to describe an additional register stage after this function.  If the DSP48 was instantiated in the design, it is suggested to set the PREG attribute to 1.
Related violations: <none>

DPOP-3#38 Warning
PREG Output pipelining  
DSP fft_inst/butterfly_stage/BF6/fft_complex_mult_unit/k2 output fft_inst/butterfly_stage/BF6/fft_complex_mult_unit/k2/P[47:0] is not pipelined (PREG=0). Pipelining the DSP48 output will improve performance and often saves power so it is suggested whenever possible to fully pipeline this function.  If this DSP48 function was inferred, it is suggested to describe an additional register stage after this function.  If the DSP48 was instantiated in the design, it is suggested to set the PREG attribute to 1.
Related violations: <none>

DPOP-3#39 Warning
PREG Output pipelining  
DSP fft_inst/butterfly_stage/BF6/fft_complex_mult_unit/k3 output fft_inst/butterfly_stage/BF6/fft_complex_mult_unit/k3/P[47:0] is not pipelined (PREG=0). Pipelining the DSP48 output will improve performance and often saves power so it is suggested whenever possible to fully pipeline this function.  If this DSP48 function was inferred, it is suggested to describe an additional register stage after this function.  If the DSP48 was instantiated in the design, it is suggested to set the PREG attribute to 1.
Related violations: <none>

DPOP-3#40 Warning
PREG Output pipelining  
DSP fft_inst/butterfly_stage/BF7/fft_complex_mult_unit/k1 output fft_inst/butterfly_stage/BF7/fft_complex_mult_unit/k1/P[47:0] is not pipelined (PREG=0). Pipelining the DSP48 output will improve performance and often saves power so it is suggested whenever possible to fully pipeline this function.  If this DSP48 function was inferred, it is suggested to describe an additional register stage after this function.  If the DSP48 was instantiated in the design, it is suggested to set the PREG attribute to 1.
Related violations: <none>

DPOP-3#41 Warning
PREG Output pipelining  
DSP fft_inst/butterfly_stage/BF7/fft_complex_mult_unit/k2 output fft_inst/butterfly_stage/BF7/fft_complex_mult_unit/k2/P[47:0] is not pipelined (PREG=0). Pipelining the DSP48 output will improve performance and often saves power so it is suggested whenever possible to fully pipeline this function.  If this DSP48 function was inferred, it is suggested to describe an additional register stage after this function.  If the DSP48 was instantiated in the design, it is suggested to set the PREG attribute to 1.
Related violations: <none>

DPOP-3#42 Warning
PREG Output pipelining  
DSP fft_inst/butterfly_stage/BF7/fft_complex_mult_unit/k3 output fft_inst/butterfly_stage/BF7/fft_complex_mult_unit/k3/P[47:0] is not pipelined (PREG=0). Pipelining the DSP48 output will improve performance and often saves power so it is suggested whenever possible to fully pipeline this function.  If this DSP48 function was inferred, it is suggested to describe an additional register stage after this function.  If the DSP48 was instantiated in the design, it is suggested to set the PREG attribute to 1.
Related violations: <none>

DPOP-3#43 Warning
PREG Output pipelining  
DSP fft_inst/butterfly_stage/BF8/fft_complex_mult_unit/k1 output fft_inst/butterfly_stage/BF8/fft_complex_mult_unit/k1/P[47:0] is not pipelined (PREG=0). Pipelining the DSP48 output will improve performance and often saves power so it is suggested whenever possible to fully pipeline this function.  If this DSP48 function was inferred, it is suggested to describe an additional register stage after this function.  If the DSP48 was instantiated in the design, it is suggested to set the PREG attribute to 1.
Related violations: <none>

DPOP-3#44 Warning
PREG Output pipelining  
DSP fft_inst/butterfly_stage/BF8/fft_complex_mult_unit/k2 output fft_inst/butterfly_stage/BF8/fft_complex_mult_unit/k2/P[47:0] is not pipelined (PREG=0). Pipelining the DSP48 output will improve performance and often saves power so it is suggested whenever possible to fully pipeline this function.  If this DSP48 function was inferred, it is suggested to describe an additional register stage after this function.  If the DSP48 was instantiated in the design, it is suggested to set the PREG attribute to 1.
Related violations: <none>

DPOP-3#45 Warning
PREG Output pipelining  
DSP fft_inst/butterfly_stage/BF8/fft_complex_mult_unit/k3 output fft_inst/butterfly_stage/BF8/fft_complex_mult_unit/k3/P[47:0] is not pipelined (PREG=0). Pipelining the DSP48 output will improve performance and often saves power so it is suggested whenever possible to fully pipeline this function.  If this DSP48 function was inferred, it is suggested to describe an additional register stage after this function.  If the DSP48 was instantiated in the design, it is suggested to set the PREG attribute to 1.
Related violations: <none>

DPOP-3#46 Warning
PREG Output pipelining  
DSP fft_inst/butterfly_stage/BF9/fft_complex_mult_unit/k1 output fft_inst/butterfly_stage/BF9/fft_complex_mult_unit/k1/P[47:0] is not pipelined (PREG=0). Pipelining the DSP48 output will improve performance and often saves power so it is suggested whenever possible to fully pipeline this function.  If this DSP48 function was inferred, it is suggested to describe an additional register stage after this function.  If the DSP48 was instantiated in the design, it is suggested to set the PREG attribute to 1.
Related violations: <none>

DPOP-3#47 Warning
PREG Output pipelining  
DSP fft_inst/butterfly_stage/BF9/fft_complex_mult_unit/k2 output fft_inst/butterfly_stage/BF9/fft_complex_mult_unit/k2/P[47:0] is not pipelined (PREG=0). Pipelining the DSP48 output will improve performance and often saves power so it is suggested whenever possible to fully pipeline this function.  If this DSP48 function was inferred, it is suggested to describe an additional register stage after this function.  If the DSP48 was instantiated in the design, it is suggested to set the PREG attribute to 1.
Related violations: <none>

DPOP-3#48 Warning
PREG Output pipelining  
DSP fft_inst/butterfly_stage/BF9/fft_complex_mult_unit/k3 output fft_inst/butterfly_stage/BF9/fft_complex_mult_unit/k3/P[47:0] is not pipelined (PREG=0). Pipelining the DSP48 output will improve performance and often saves power so it is suggested whenever possible to fully pipeline this function.  If this DSP48 function was inferred, it is suggested to describe an additional register stage after this function.  If the DSP48 was instantiated in the design, it is suggested to set the PREG attribute to 1.
Related violations: <none>

DPOP-4#1 Warning
MREG Output pipelining  
DSP fft_inst/butterfly_stage/BF1/fft_complex_mult_unit/k1 multiplier stage fft_inst/butterfly_stage/BF1/fft_complex_mult_unit/k1/P[47:0] is not pipelined (MREG=0). Pipelining the multiplier function will improve performance and will save significant power so it is suggested whenever possible to fully pipeline this function.  If this multiplier was inferred, it is suggested to describe an additional register stage after this function.  If there is no registered adder/accumulator following the multiply function, two pipeline stages are suggested to allow both the MREG and PREG registers to be used.  If the DSP48 was instantiated in the design, it is suggested to set both the MREG and PREG attributes to 1 when performing multiply functions.
Related violations: <none>

DPOP-4#2 Warning
MREG Output pipelining  
DSP fft_inst/butterfly_stage/BF1/fft_complex_mult_unit/k2 multiplier stage fft_inst/butterfly_stage/BF1/fft_complex_mult_unit/k2/P[47:0] is not pipelined (MREG=0). Pipelining the multiplier function will improve performance and will save significant power so it is suggested whenever possible to fully pipeline this function.  If this multiplier was inferred, it is suggested to describe an additional register stage after this function.  If there is no registered adder/accumulator following the multiply function, two pipeline stages are suggested to allow both the MREG and PREG registers to be used.  If the DSP48 was instantiated in the design, it is suggested to set both the MREG and PREG attributes to 1 when performing multiply functions.
Related violations: <none>

DPOP-4#3 Warning
MREG Output pipelining  
DSP fft_inst/butterfly_stage/BF1/fft_complex_mult_unit/k3 multiplier stage fft_inst/butterfly_stage/BF1/fft_complex_mult_unit/k3/P[47:0] is not pipelined (MREG=0). Pipelining the multiplier function will improve performance and will save significant power so it is suggested whenever possible to fully pipeline this function.  If this multiplier was inferred, it is suggested to describe an additional register stage after this function.  If there is no registered adder/accumulator following the multiply function, two pipeline stages are suggested to allow both the MREG and PREG registers to be used.  If the DSP48 was instantiated in the design, it is suggested to set both the MREG and PREG attributes to 1 when performing multiply functions.
Related violations: <none>

DPOP-4#4 Warning
MREG Output pipelining  
DSP fft_inst/butterfly_stage/BF10/fft_complex_mult_unit/k1 multiplier stage fft_inst/butterfly_stage/BF10/fft_complex_mult_unit/k1/P[47:0] is not pipelined (MREG=0). Pipelining the multiplier function will improve performance and will save significant power so it is suggested whenever possible to fully pipeline this function.  If this multiplier was inferred, it is suggested to describe an additional register stage after this function.  If there is no registered adder/accumulator following the multiply function, two pipeline stages are suggested to allow both the MREG and PREG registers to be used.  If the DSP48 was instantiated in the design, it is suggested to set both the MREG and PREG attributes to 1 when performing multiply functions.
Related violations: <none>

DPOP-4#5 Warning
MREG Output pipelining  
DSP fft_inst/butterfly_stage/BF10/fft_complex_mult_unit/k2 multiplier stage fft_inst/butterfly_stage/BF10/fft_complex_mult_unit/k2/P[47:0] is not pipelined (MREG=0). Pipelining the multiplier function will improve performance and will save significant power so it is suggested whenever possible to fully pipeline this function.  If this multiplier was inferred, it is suggested to describe an additional register stage after this function.  If there is no registered adder/accumulator following the multiply function, two pipeline stages are suggested to allow both the MREG and PREG registers to be used.  If the DSP48 was instantiated in the design, it is suggested to set both the MREG and PREG attributes to 1 when performing multiply functions.
Related violations: <none>

DPOP-4#6 Warning
MREG Output pipelining  
DSP fft_inst/butterfly_stage/BF10/fft_complex_mult_unit/k3 multiplier stage fft_inst/butterfly_stage/BF10/fft_complex_mult_unit/k3/P[47:0] is not pipelined (MREG=0). Pipelining the multiplier function will improve performance and will save significant power so it is suggested whenever possible to fully pipeline this function.  If this multiplier was inferred, it is suggested to describe an additional register stage after this function.  If there is no registered adder/accumulator following the multiply function, two pipeline stages are suggested to allow both the MREG and PREG registers to be used.  If the DSP48 was instantiated in the design, it is suggested to set both the MREG and PREG attributes to 1 when performing multiply functions.
Related violations: <none>

DPOP-4#7 Warning
MREG Output pipelining  
DSP fft_inst/butterfly_stage/BF11/fft_complex_mult_unit/k1 multiplier stage fft_inst/butterfly_stage/BF11/fft_complex_mult_unit/k1/P[47:0] is not pipelined (MREG=0). Pipelining the multiplier function will improve performance and will save significant power so it is suggested whenever possible to fully pipeline this function.  If this multiplier was inferred, it is suggested to describe an additional register stage after this function.  If there is no registered adder/accumulator following the multiply function, two pipeline stages are suggested to allow both the MREG and PREG registers to be used.  If the DSP48 was instantiated in the design, it is suggested to set both the MREG and PREG attributes to 1 when performing multiply functions.
Related violations: <none>

DPOP-4#8 Warning
MREG Output pipelining  
DSP fft_inst/butterfly_stage/BF11/fft_complex_mult_unit/k2 multiplier stage fft_inst/butterfly_stage/BF11/fft_complex_mult_unit/k2/P[47:0] is not pipelined (MREG=0). Pipelining the multiplier function will improve performance and will save significant power so it is suggested whenever possible to fully pipeline this function.  If this multiplier was inferred, it is suggested to describe an additional register stage after this function.  If there is no registered adder/accumulator following the multiply function, two pipeline stages are suggested to allow both the MREG and PREG registers to be used.  If the DSP48 was instantiated in the design, it is suggested to set both the MREG and PREG attributes to 1 when performing multiply functions.
Related violations: <none>

DPOP-4#9 Warning
MREG Output pipelining  
DSP fft_inst/butterfly_stage/BF11/fft_complex_mult_unit/k3 multiplier stage fft_inst/butterfly_stage/BF11/fft_complex_mult_unit/k3/P[47:0] is not pipelined (MREG=0). Pipelining the multiplier function will improve performance and will save significant power so it is suggested whenever possible to fully pipeline this function.  If this multiplier was inferred, it is suggested to describe an additional register stage after this function.  If there is no registered adder/accumulator following the multiply function, two pipeline stages are suggested to allow both the MREG and PREG registers to be used.  If the DSP48 was instantiated in the design, it is suggested to set both the MREG and PREG attributes to 1 when performing multiply functions.
Related violations: <none>

DPOP-4#10 Warning
MREG Output pipelining  
DSP fft_inst/butterfly_stage/BF12/fft_complex_mult_unit/k1 multiplier stage fft_inst/butterfly_stage/BF12/fft_complex_mult_unit/k1/P[47:0] is not pipelined (MREG=0). Pipelining the multiplier function will improve performance and will save significant power so it is suggested whenever possible to fully pipeline this function.  If this multiplier was inferred, it is suggested to describe an additional register stage after this function.  If there is no registered adder/accumulator following the multiply function, two pipeline stages are suggested to allow both the MREG and PREG registers to be used.  If the DSP48 was instantiated in the design, it is suggested to set both the MREG and PREG attributes to 1 when performing multiply functions.
Related violations: <none>

DPOP-4#11 Warning
MREG Output pipelining  
DSP fft_inst/butterfly_stage/BF12/fft_complex_mult_unit/k2 multiplier stage fft_inst/butterfly_stage/BF12/fft_complex_mult_unit/k2/P[47:0] is not pipelined (MREG=0). Pipelining the multiplier function will improve performance and will save significant power so it is suggested whenever possible to fully pipeline this function.  If this multiplier was inferred, it is suggested to describe an additional register stage after this function.  If there is no registered adder/accumulator following the multiply function, two pipeline stages are suggested to allow both the MREG and PREG registers to be used.  If the DSP48 was instantiated in the design, it is suggested to set both the MREG and PREG attributes to 1 when performing multiply functions.
Related violations: <none>

DPOP-4#12 Warning
MREG Output pipelining  
DSP fft_inst/butterfly_stage/BF12/fft_complex_mult_unit/k3 multiplier stage fft_inst/butterfly_stage/BF12/fft_complex_mult_unit/k3/P[47:0] is not pipelined (MREG=0). Pipelining the multiplier function will improve performance and will save significant power so it is suggested whenever possible to fully pipeline this function.  If this multiplier was inferred, it is suggested to describe an additional register stage after this function.  If there is no registered adder/accumulator following the multiply function, two pipeline stages are suggested to allow both the MREG and PREG registers to be used.  If the DSP48 was instantiated in the design, it is suggested to set both the MREG and PREG attributes to 1 when performing multiply functions.
Related violations: <none>

DPOP-4#13 Warning
MREG Output pipelining  
DSP fft_inst/butterfly_stage/BF13/fft_complex_mult_unit/k1 multiplier stage fft_inst/butterfly_stage/BF13/fft_complex_mult_unit/k1/P[47:0] is not pipelined (MREG=0). Pipelining the multiplier function will improve performance and will save significant power so it is suggested whenever possible to fully pipeline this function.  If this multiplier was inferred, it is suggested to describe an additional register stage after this function.  If there is no registered adder/accumulator following the multiply function, two pipeline stages are suggested to allow both the MREG and PREG registers to be used.  If the DSP48 was instantiated in the design, it is suggested to set both the MREG and PREG attributes to 1 when performing multiply functions.
Related violations: <none>

DPOP-4#14 Warning
MREG Output pipelining  
DSP fft_inst/butterfly_stage/BF13/fft_complex_mult_unit/k2 multiplier stage fft_inst/butterfly_stage/BF13/fft_complex_mult_unit/k2/P[47:0] is not pipelined (MREG=0). Pipelining the multiplier function will improve performance and will save significant power so it is suggested whenever possible to fully pipeline this function.  If this multiplier was inferred, it is suggested to describe an additional register stage after this function.  If there is no registered adder/accumulator following the multiply function, two pipeline stages are suggested to allow both the MREG and PREG registers to be used.  If the DSP48 was instantiated in the design, it is suggested to set both the MREG and PREG attributes to 1 when performing multiply functions.
Related violations: <none>

DPOP-4#15 Warning
MREG Output pipelining  
DSP fft_inst/butterfly_stage/BF13/fft_complex_mult_unit/k3 multiplier stage fft_inst/butterfly_stage/BF13/fft_complex_mult_unit/k3/P[47:0] is not pipelined (MREG=0). Pipelining the multiplier function will improve performance and will save significant power so it is suggested whenever possible to fully pipeline this function.  If this multiplier was inferred, it is suggested to describe an additional register stage after this function.  If there is no registered adder/accumulator following the multiply function, two pipeline stages are suggested to allow both the MREG and PREG registers to be used.  If the DSP48 was instantiated in the design, it is suggested to set both the MREG and PREG attributes to 1 when performing multiply functions.
Related violations: <none>

DPOP-4#16 Warning
MREG Output pipelining  
DSP fft_inst/butterfly_stage/BF14/fft_complex_mult_unit/k1 multiplier stage fft_inst/butterfly_stage/BF14/fft_complex_mult_unit/k1/P[47:0] is not pipelined (MREG=0). Pipelining the multiplier function will improve performance and will save significant power so it is suggested whenever possible to fully pipeline this function.  If this multiplier was inferred, it is suggested to describe an additional register stage after this function.  If there is no registered adder/accumulator following the multiply function, two pipeline stages are suggested to allow both the MREG and PREG registers to be used.  If the DSP48 was instantiated in the design, it is suggested to set both the MREG and PREG attributes to 1 when performing multiply functions.
Related violations: <none>

DPOP-4#17 Warning
MREG Output pipelining  
DSP fft_inst/butterfly_stage/BF14/fft_complex_mult_unit/k2 multiplier stage fft_inst/butterfly_stage/BF14/fft_complex_mult_unit/k2/P[47:0] is not pipelined (MREG=0). Pipelining the multiplier function will improve performance and will save significant power so it is suggested whenever possible to fully pipeline this function.  If this multiplier was inferred, it is suggested to describe an additional register stage after this function.  If there is no registered adder/accumulator following the multiply function, two pipeline stages are suggested to allow both the MREG and PREG registers to be used.  If the DSP48 was instantiated in the design, it is suggested to set both the MREG and PREG attributes to 1 when performing multiply functions.
Related violations: <none>

DPOP-4#18 Warning
MREG Output pipelining  
DSP fft_inst/butterfly_stage/BF14/fft_complex_mult_unit/k3 multiplier stage fft_inst/butterfly_stage/BF14/fft_complex_mult_unit/k3/P[47:0] is not pipelined (MREG=0). Pipelining the multiplier function will improve performance and will save significant power so it is suggested whenever possible to fully pipeline this function.  If this multiplier was inferred, it is suggested to describe an additional register stage after this function.  If there is no registered adder/accumulator following the multiply function, two pipeline stages are suggested to allow both the MREG and PREG registers to be used.  If the DSP48 was instantiated in the design, it is suggested to set both the MREG and PREG attributes to 1 when performing multiply functions.
Related violations: <none>

DPOP-4#19 Warning
MREG Output pipelining  
DSP fft_inst/butterfly_stage/BF15/fft_complex_mult_unit/k1 multiplier stage fft_inst/butterfly_stage/BF15/fft_complex_mult_unit/k1/P[47:0] is not pipelined (MREG=0). Pipelining the multiplier function will improve performance and will save significant power so it is suggested whenever possible to fully pipeline this function.  If this multiplier was inferred, it is suggested to describe an additional register stage after this function.  If there is no registered adder/accumulator following the multiply function, two pipeline stages are suggested to allow both the MREG and PREG registers to be used.  If the DSP48 was instantiated in the design, it is suggested to set both the MREG and PREG attributes to 1 when performing multiply functions.
Related violations: <none>

DPOP-4#20 Warning
MREG Output pipelining  
DSP fft_inst/butterfly_stage/BF15/fft_complex_mult_unit/k2 multiplier stage fft_inst/butterfly_stage/BF15/fft_complex_mult_unit/k2/P[47:0] is not pipelined (MREG=0). Pipelining the multiplier function will improve performance and will save significant power so it is suggested whenever possible to fully pipeline this function.  If this multiplier was inferred, it is suggested to describe an additional register stage after this function.  If there is no registered adder/accumulator following the multiply function, two pipeline stages are suggested to allow both the MREG and PREG registers to be used.  If the DSP48 was instantiated in the design, it is suggested to set both the MREG and PREG attributes to 1 when performing multiply functions.
Related violations: <none>

DPOP-4#21 Warning
MREG Output pipelining  
DSP fft_inst/butterfly_stage/BF15/fft_complex_mult_unit/k3 multiplier stage fft_inst/butterfly_stage/BF15/fft_complex_mult_unit/k3/P[47:0] is not pipelined (MREG=0). Pipelining the multiplier function will improve performance and will save significant power so it is suggested whenever possible to fully pipeline this function.  If this multiplier was inferred, it is suggested to describe an additional register stage after this function.  If there is no registered adder/accumulator following the multiply function, two pipeline stages are suggested to allow both the MREG and PREG registers to be used.  If the DSP48 was instantiated in the design, it is suggested to set both the MREG and PREG attributes to 1 when performing multiply functions.
Related violations: <none>

DPOP-4#22 Warning
MREG Output pipelining  
DSP fft_inst/butterfly_stage/BF16/fft_complex_mult_unit/k1 multiplier stage fft_inst/butterfly_stage/BF16/fft_complex_mult_unit/k1/P[47:0] is not pipelined (MREG=0). Pipelining the multiplier function will improve performance and will save significant power so it is suggested whenever possible to fully pipeline this function.  If this multiplier was inferred, it is suggested to describe an additional register stage after this function.  If there is no registered adder/accumulator following the multiply function, two pipeline stages are suggested to allow both the MREG and PREG registers to be used.  If the DSP48 was instantiated in the design, it is suggested to set both the MREG and PREG attributes to 1 when performing multiply functions.
Related violations: <none>

DPOP-4#23 Warning
MREG Output pipelining  
DSP fft_inst/butterfly_stage/BF16/fft_complex_mult_unit/k2 multiplier stage fft_inst/butterfly_stage/BF16/fft_complex_mult_unit/k2/P[47:0] is not pipelined (MREG=0). Pipelining the multiplier function will improve performance and will save significant power so it is suggested whenever possible to fully pipeline this function.  If this multiplier was inferred, it is suggested to describe an additional register stage after this function.  If there is no registered adder/accumulator following the multiply function, two pipeline stages are suggested to allow both the MREG and PREG registers to be used.  If the DSP48 was instantiated in the design, it is suggested to set both the MREG and PREG attributes to 1 when performing multiply functions.
Related violations: <none>

DPOP-4#24 Warning
MREG Output pipelining  
DSP fft_inst/butterfly_stage/BF16/fft_complex_mult_unit/k3 multiplier stage fft_inst/butterfly_stage/BF16/fft_complex_mult_unit/k3/P[47:0] is not pipelined (MREG=0). Pipelining the multiplier function will improve performance and will save significant power so it is suggested whenever possible to fully pipeline this function.  If this multiplier was inferred, it is suggested to describe an additional register stage after this function.  If there is no registered adder/accumulator following the multiply function, two pipeline stages are suggested to allow both the MREG and PREG registers to be used.  If the DSP48 was instantiated in the design, it is suggested to set both the MREG and PREG attributes to 1 when performing multiply functions.
Related violations: <none>

DPOP-4#25 Warning
MREG Output pipelining  
DSP fft_inst/butterfly_stage/BF2/fft_complex_mult_unit/k1 multiplier stage fft_inst/butterfly_stage/BF2/fft_complex_mult_unit/k1/P[47:0] is not pipelined (MREG=0). Pipelining the multiplier function will improve performance and will save significant power so it is suggested whenever possible to fully pipeline this function.  If this multiplier was inferred, it is suggested to describe an additional register stage after this function.  If there is no registered adder/accumulator following the multiply function, two pipeline stages are suggested to allow both the MREG and PREG registers to be used.  If the DSP48 was instantiated in the design, it is suggested to set both the MREG and PREG attributes to 1 when performing multiply functions.
Related violations: <none>

DPOP-4#26 Warning
MREG Output pipelining  
DSP fft_inst/butterfly_stage/BF2/fft_complex_mult_unit/k2 multiplier stage fft_inst/butterfly_stage/BF2/fft_complex_mult_unit/k2/P[47:0] is not pipelined (MREG=0). Pipelining the multiplier function will improve performance and will save significant power so it is suggested whenever possible to fully pipeline this function.  If this multiplier was inferred, it is suggested to describe an additional register stage after this function.  If there is no registered adder/accumulator following the multiply function, two pipeline stages are suggested to allow both the MREG and PREG registers to be used.  If the DSP48 was instantiated in the design, it is suggested to set both the MREG and PREG attributes to 1 when performing multiply functions.
Related violations: <none>

DPOP-4#27 Warning
MREG Output pipelining  
DSP fft_inst/butterfly_stage/BF2/fft_complex_mult_unit/k3 multiplier stage fft_inst/butterfly_stage/BF2/fft_complex_mult_unit/k3/P[47:0] is not pipelined (MREG=0). Pipelining the multiplier function will improve performance and will save significant power so it is suggested whenever possible to fully pipeline this function.  If this multiplier was inferred, it is suggested to describe an additional register stage after this function.  If there is no registered adder/accumulator following the multiply function, two pipeline stages are suggested to allow both the MREG and PREG registers to be used.  If the DSP48 was instantiated in the design, it is suggested to set both the MREG and PREG attributes to 1 when performing multiply functions.
Related violations: <none>

DPOP-4#28 Warning
MREG Output pipelining  
DSP fft_inst/butterfly_stage/BF3/fft_complex_mult_unit/k1 multiplier stage fft_inst/butterfly_stage/BF3/fft_complex_mult_unit/k1/P[47:0] is not pipelined (MREG=0). Pipelining the multiplier function will improve performance and will save significant power so it is suggested whenever possible to fully pipeline this function.  If this multiplier was inferred, it is suggested to describe an additional register stage after this function.  If there is no registered adder/accumulator following the multiply function, two pipeline stages are suggested to allow both the MREG and PREG registers to be used.  If the DSP48 was instantiated in the design, it is suggested to set both the MREG and PREG attributes to 1 when performing multiply functions.
Related violations: <none>

DPOP-4#29 Warning
MREG Output pipelining  
DSP fft_inst/butterfly_stage/BF3/fft_complex_mult_unit/k2 multiplier stage fft_inst/butterfly_stage/BF3/fft_complex_mult_unit/k2/P[47:0] is not pipelined (MREG=0). Pipelining the multiplier function will improve performance and will save significant power so it is suggested whenever possible to fully pipeline this function.  If this multiplier was inferred, it is suggested to describe an additional register stage after this function.  If there is no registered adder/accumulator following the multiply function, two pipeline stages are suggested to allow both the MREG and PREG registers to be used.  If the DSP48 was instantiated in the design, it is suggested to set both the MREG and PREG attributes to 1 when performing multiply functions.
Related violations: <none>

DPOP-4#30 Warning
MREG Output pipelining  
DSP fft_inst/butterfly_stage/BF3/fft_complex_mult_unit/k3 multiplier stage fft_inst/butterfly_stage/BF3/fft_complex_mult_unit/k3/P[47:0] is not pipelined (MREG=0). Pipelining the multiplier function will improve performance and will save significant power so it is suggested whenever possible to fully pipeline this function.  If this multiplier was inferred, it is suggested to describe an additional register stage after this function.  If there is no registered adder/accumulator following the multiply function, two pipeline stages are suggested to allow both the MREG and PREG registers to be used.  If the DSP48 was instantiated in the design, it is suggested to set both the MREG and PREG attributes to 1 when performing multiply functions.
Related violations: <none>

DPOP-4#31 Warning
MREG Output pipelining  
DSP fft_inst/butterfly_stage/BF4/fft_complex_mult_unit/k1 multiplier stage fft_inst/butterfly_stage/BF4/fft_complex_mult_unit/k1/P[47:0] is not pipelined (MREG=0). Pipelining the multiplier function will improve performance and will save significant power so it is suggested whenever possible to fully pipeline this function.  If this multiplier was inferred, it is suggested to describe an additional register stage after this function.  If there is no registered adder/accumulator following the multiply function, two pipeline stages are suggested to allow both the MREG and PREG registers to be used.  If the DSP48 was instantiated in the design, it is suggested to set both the MREG and PREG attributes to 1 when performing multiply functions.
Related violations: <none>

DPOP-4#32 Warning
MREG Output pipelining  
DSP fft_inst/butterfly_stage/BF4/fft_complex_mult_unit/k2 multiplier stage fft_inst/butterfly_stage/BF4/fft_complex_mult_unit/k2/P[47:0] is not pipelined (MREG=0). Pipelining the multiplier function will improve performance and will save significant power so it is suggested whenever possible to fully pipeline this function.  If this multiplier was inferred, it is suggested to describe an additional register stage after this function.  If there is no registered adder/accumulator following the multiply function, two pipeline stages are suggested to allow both the MREG and PREG registers to be used.  If the DSP48 was instantiated in the design, it is suggested to set both the MREG and PREG attributes to 1 when performing multiply functions.
Related violations: <none>

DPOP-4#33 Warning
MREG Output pipelining  
DSP fft_inst/butterfly_stage/BF4/fft_complex_mult_unit/k3 multiplier stage fft_inst/butterfly_stage/BF4/fft_complex_mult_unit/k3/P[47:0] is not pipelined (MREG=0). Pipelining the multiplier function will improve performance and will save significant power so it is suggested whenever possible to fully pipeline this function.  If this multiplier was inferred, it is suggested to describe an additional register stage after this function.  If there is no registered adder/accumulator following the multiply function, two pipeline stages are suggested to allow both the MREG and PREG registers to be used.  If the DSP48 was instantiated in the design, it is suggested to set both the MREG and PREG attributes to 1 when performing multiply functions.
Related violations: <none>

DPOP-4#34 Warning
MREG Output pipelining  
DSP fft_inst/butterfly_stage/BF5/fft_complex_mult_unit/k1 multiplier stage fft_inst/butterfly_stage/BF5/fft_complex_mult_unit/k1/P[47:0] is not pipelined (MREG=0). Pipelining the multiplier function will improve performance and will save significant power so it is suggested whenever possible to fully pipeline this function.  If this multiplier was inferred, it is suggested to describe an additional register stage after this function.  If there is no registered adder/accumulator following the multiply function, two pipeline stages are suggested to allow both the MREG and PREG registers to be used.  If the DSP48 was instantiated in the design, it is suggested to set both the MREG and PREG attributes to 1 when performing multiply functions.
Related violations: <none>

DPOP-4#35 Warning
MREG Output pipelining  
DSP fft_inst/butterfly_stage/BF5/fft_complex_mult_unit/k2 multiplier stage fft_inst/butterfly_stage/BF5/fft_complex_mult_unit/k2/P[47:0] is not pipelined (MREG=0). Pipelining the multiplier function will improve performance and will save significant power so it is suggested whenever possible to fully pipeline this function.  If this multiplier was inferred, it is suggested to describe an additional register stage after this function.  If there is no registered adder/accumulator following the multiply function, two pipeline stages are suggested to allow both the MREG and PREG registers to be used.  If the DSP48 was instantiated in the design, it is suggested to set both the MREG and PREG attributes to 1 when performing multiply functions.
Related violations: <none>

DPOP-4#36 Warning
MREG Output pipelining  
DSP fft_inst/butterfly_stage/BF5/fft_complex_mult_unit/k3 multiplier stage fft_inst/butterfly_stage/BF5/fft_complex_mult_unit/k3/P[47:0] is not pipelined (MREG=0). Pipelining the multiplier function will improve performance and will save significant power so it is suggested whenever possible to fully pipeline this function.  If this multiplier was inferred, it is suggested to describe an additional register stage after this function.  If there is no registered adder/accumulator following the multiply function, two pipeline stages are suggested to allow both the MREG and PREG registers to be used.  If the DSP48 was instantiated in the design, it is suggested to set both the MREG and PREG attributes to 1 when performing multiply functions.
Related violations: <none>

DPOP-4#37 Warning
MREG Output pipelining  
DSP fft_inst/butterfly_stage/BF6/fft_complex_mult_unit/k1 multiplier stage fft_inst/butterfly_stage/BF6/fft_complex_mult_unit/k1/P[47:0] is not pipelined (MREG=0). Pipelining the multiplier function will improve performance and will save significant power so it is suggested whenever possible to fully pipeline this function.  If this multiplier was inferred, it is suggested to describe an additional register stage after this function.  If there is no registered adder/accumulator following the multiply function, two pipeline stages are suggested to allow both the MREG and PREG registers to be used.  If the DSP48 was instantiated in the design, it is suggested to set both the MREG and PREG attributes to 1 when performing multiply functions.
Related violations: <none>

DPOP-4#38 Warning
MREG Output pipelining  
DSP fft_inst/butterfly_stage/BF6/fft_complex_mult_unit/k2 multiplier stage fft_inst/butterfly_stage/BF6/fft_complex_mult_unit/k2/P[47:0] is not pipelined (MREG=0). Pipelining the multiplier function will improve performance and will save significant power so it is suggested whenever possible to fully pipeline this function.  If this multiplier was inferred, it is suggested to describe an additional register stage after this function.  If there is no registered adder/accumulator following the multiply function, two pipeline stages are suggested to allow both the MREG and PREG registers to be used.  If the DSP48 was instantiated in the design, it is suggested to set both the MREG and PREG attributes to 1 when performing multiply functions.
Related violations: <none>

DPOP-4#39 Warning
MREG Output pipelining  
DSP fft_inst/butterfly_stage/BF6/fft_complex_mult_unit/k3 multiplier stage fft_inst/butterfly_stage/BF6/fft_complex_mult_unit/k3/P[47:0] is not pipelined (MREG=0). Pipelining the multiplier function will improve performance and will save significant power so it is suggested whenever possible to fully pipeline this function.  If this multiplier was inferred, it is suggested to describe an additional register stage after this function.  If there is no registered adder/accumulator following the multiply function, two pipeline stages are suggested to allow both the MREG and PREG registers to be used.  If the DSP48 was instantiated in the design, it is suggested to set both the MREG and PREG attributes to 1 when performing multiply functions.
Related violations: <none>

DPOP-4#40 Warning
MREG Output pipelining  
DSP fft_inst/butterfly_stage/BF7/fft_complex_mult_unit/k1 multiplier stage fft_inst/butterfly_stage/BF7/fft_complex_mult_unit/k1/P[47:0] is not pipelined (MREG=0). Pipelining the multiplier function will improve performance and will save significant power so it is suggested whenever possible to fully pipeline this function.  If this multiplier was inferred, it is suggested to describe an additional register stage after this function.  If there is no registered adder/accumulator following the multiply function, two pipeline stages are suggested to allow both the MREG and PREG registers to be used.  If the DSP48 was instantiated in the design, it is suggested to set both the MREG and PREG attributes to 1 when performing multiply functions.
Related violations: <none>

DPOP-4#41 Warning
MREG Output pipelining  
DSP fft_inst/butterfly_stage/BF7/fft_complex_mult_unit/k2 multiplier stage fft_inst/butterfly_stage/BF7/fft_complex_mult_unit/k2/P[47:0] is not pipelined (MREG=0). Pipelining the multiplier function will improve performance and will save significant power so it is suggested whenever possible to fully pipeline this function.  If this multiplier was inferred, it is suggested to describe an additional register stage after this function.  If there is no registered adder/accumulator following the multiply function, two pipeline stages are suggested to allow both the MREG and PREG registers to be used.  If the DSP48 was instantiated in the design, it is suggested to set both the MREG and PREG attributes to 1 when performing multiply functions.
Related violations: <none>

DPOP-4#42 Warning
MREG Output pipelining  
DSP fft_inst/butterfly_stage/BF7/fft_complex_mult_unit/k3 multiplier stage fft_inst/butterfly_stage/BF7/fft_complex_mult_unit/k3/P[47:0] is not pipelined (MREG=0). Pipelining the multiplier function will improve performance and will save significant power so it is suggested whenever possible to fully pipeline this function.  If this multiplier was inferred, it is suggested to describe an additional register stage after this function.  If there is no registered adder/accumulator following the multiply function, two pipeline stages are suggested to allow both the MREG and PREG registers to be used.  If the DSP48 was instantiated in the design, it is suggested to set both the MREG and PREG attributes to 1 when performing multiply functions.
Related violations: <none>

DPOP-4#43 Warning
MREG Output pipelining  
DSP fft_inst/butterfly_stage/BF8/fft_complex_mult_unit/k1 multiplier stage fft_inst/butterfly_stage/BF8/fft_complex_mult_unit/k1/P[47:0] is not pipelined (MREG=0). Pipelining the multiplier function will improve performance and will save significant power so it is suggested whenever possible to fully pipeline this function.  If this multiplier was inferred, it is suggested to describe an additional register stage after this function.  If there is no registered adder/accumulator following the multiply function, two pipeline stages are suggested to allow both the MREG and PREG registers to be used.  If the DSP48 was instantiated in the design, it is suggested to set both the MREG and PREG attributes to 1 when performing multiply functions.
Related violations: <none>

DPOP-4#44 Warning
MREG Output pipelining  
DSP fft_inst/butterfly_stage/BF8/fft_complex_mult_unit/k2 multiplier stage fft_inst/butterfly_stage/BF8/fft_complex_mult_unit/k2/P[47:0] is not pipelined (MREG=0). Pipelining the multiplier function will improve performance and will save significant power so it is suggested whenever possible to fully pipeline this function.  If this multiplier was inferred, it is suggested to describe an additional register stage after this function.  If there is no registered adder/accumulator following the multiply function, two pipeline stages are suggested to allow both the MREG and PREG registers to be used.  If the DSP48 was instantiated in the design, it is suggested to set both the MREG and PREG attributes to 1 when performing multiply functions.
Related violations: <none>

DPOP-4#45 Warning
MREG Output pipelining  
DSP fft_inst/butterfly_stage/BF8/fft_complex_mult_unit/k3 multiplier stage fft_inst/butterfly_stage/BF8/fft_complex_mult_unit/k3/P[47:0] is not pipelined (MREG=0). Pipelining the multiplier function will improve performance and will save significant power so it is suggested whenever possible to fully pipeline this function.  If this multiplier was inferred, it is suggested to describe an additional register stage after this function.  If there is no registered adder/accumulator following the multiply function, two pipeline stages are suggested to allow both the MREG and PREG registers to be used.  If the DSP48 was instantiated in the design, it is suggested to set both the MREG and PREG attributes to 1 when performing multiply functions.
Related violations: <none>

DPOP-4#46 Warning
MREG Output pipelining  
DSP fft_inst/butterfly_stage/BF9/fft_complex_mult_unit/k1 multiplier stage fft_inst/butterfly_stage/BF9/fft_complex_mult_unit/k1/P[47:0] is not pipelined (MREG=0). Pipelining the multiplier function will improve performance and will save significant power so it is suggested whenever possible to fully pipeline this function.  If this multiplier was inferred, it is suggested to describe an additional register stage after this function.  If there is no registered adder/accumulator following the multiply function, two pipeline stages are suggested to allow both the MREG and PREG registers to be used.  If the DSP48 was instantiated in the design, it is suggested to set both the MREG and PREG attributes to 1 when performing multiply functions.
Related violations: <none>

DPOP-4#47 Warning
MREG Output pipelining  
DSP fft_inst/butterfly_stage/BF9/fft_complex_mult_unit/k2 multiplier stage fft_inst/butterfly_stage/BF9/fft_complex_mult_unit/k2/P[47:0] is not pipelined (MREG=0). Pipelining the multiplier function will improve performance and will save significant power so it is suggested whenever possible to fully pipeline this function.  If this multiplier was inferred, it is suggested to describe an additional register stage after this function.  If there is no registered adder/accumulator following the multiply function, two pipeline stages are suggested to allow both the MREG and PREG registers to be used.  If the DSP48 was instantiated in the design, it is suggested to set both the MREG and PREG attributes to 1 when performing multiply functions.
Related violations: <none>

DPOP-4#48 Warning
MREG Output pipelining  
DSP fft_inst/butterfly_stage/BF9/fft_complex_mult_unit/k3 multiplier stage fft_inst/butterfly_stage/BF9/fft_complex_mult_unit/k3/P[47:0] is not pipelined (MREG=0). Pipelining the multiplier function will improve performance and will save significant power so it is suggested whenever possible to fully pipeline this function.  If this multiplier was inferred, it is suggested to describe an additional register stage after this function.  If there is no registered adder/accumulator following the multiply function, two pipeline stages are suggested to allow both the MREG and PREG registers to be used.  If the DSP48 was instantiated in the design, it is suggested to set both the MREG and PREG attributes to 1 when performing multiply functions.
Related violations: <none>


