Copyright 1986-2019 Xilinx, Inc. All Rights Reserved.
----------------------------------------------------------------------------------------
| Tool Version : Vivado v.2019.1 (win64) Build 2552052 Fri May 24 14:49:42 MDT 2019
| Date         : Sun Jul 20 19:10:57 2025
| Host         : DESKTOP-0NF6N2J running 64-bit major release  (build 9200)
| Command      : report_control_sets -verbose -file FFT_WRAPPER_control_sets_placed.rpt
| Design       : FFT_WRAPPER
| Device       : xczu7ev
----------------------------------------------------------------------------------------

Control Set Information

Table of Contents
-----------------
1. Summary
2. Histogram
3. Flip-Flop Distribution
4. Detailed Control Set Information

1. Summary
----------

+----------------------------------------------------------+-------+
|                          Status                          | Count |
+----------------------------------------------------------+-------+
| Total control sets                                       |    39 |
|    Minimum number of control sets                        |    39 |
|    Addition due to synthesis replication                 |     0 |
|    Addition due to physical synthesis replication        |     0 |
| Unused register locations in slices containing registers |     9 |
+----------------------------------------------------------+-------+
* Control sets can be merged at opt_design using control_set_merge or merge_equivalent_drivers
** Run report_qor_suggestions for automated merging and remapping suggestions


2. Histogram
------------

+--------------------+-------+
|       Fanout       | Count |
+--------------------+-------+
| Total control sets |    39 |
| >= 0 to < 4        |     2 |
| >= 4 to < 6        |     0 |
| >= 6 to < 8        |     0 |
| >= 8 to < 10       |    32 |
| >= 10 to < 12      |     0 |
| >= 12 to < 14      |     0 |
| >= 14 to < 16      |     0 |
| >= 16              |     5 |
+--------------------+-------+
* Control sets can be remapped at either synth_design or opt_design


3. Flip-Flop Distribution
-------------------------

+--------------+-----------------------+------------------------+-----------------+--------------+
| Clock Enable | Synchronous Set/Reset | Asynchronous Set/Reset | Total Registers | Total Slices |
+--------------+-----------------------+------------------------+-----------------+--------------+
| No           | No                    | No                     |               0 |            0 |
| No           | No                    | Yes                    |             840 |          307 |
| No           | Yes                   | No                     |               0 |            0 |
| Yes          | No                    | No                     |               0 |            0 |
| Yes          | No                    | Yes                    |            1403 |          385 |
| Yes          | Yes                   | No                     |               0 |            0 |
+--------------+-----------------------+------------------------+-----------------+--------------+


4. Detailed Control Set Information
-----------------------------------

+----------------+-----------------------------------------------+-------------------+------------------+----------------+
|  Clock Signal  |                 Enable Signal                 |  Set/Reset Signal | Slice Load Count | Bel Load Count |
+----------------+-----------------------------------------------+-------------------+------------------+----------------+
|  clk_IBUF_BUFG | fft_enable0                                   | rst_n_IBUF_inst/O |                1 |              1 |
|  clk_IBUF_BUFG | fft_inst/CU/counter[2]_i_1_n_0                | rst_n_IBUF_inst/O |                1 |              3 |
|  clk_IBUF_BUFG | real_buf[1][7]_i_1_n_0                        | rst_n_IBUF_inst/O |                5 |              8 |
|  clk_IBUF_BUFG | real_buf[18][7]_i_1_n_0                       | rst_n_IBUF_inst/O |                5 |              8 |
|  clk_IBUF_BUFG | real_buf[15][7]_i_1_n_0                       | rst_n_IBUF_inst/O |                7 |              8 |
|  clk_IBUF_BUFG | real_buf[12][7]_i_1_n_0                       | rst_n_IBUF_inst/O |                6 |              8 |
|  clk_IBUF_BUFG | real_buf[20][7]_i_1_n_0                       | rst_n_IBUF_inst/O |                4 |              8 |
|  clk_IBUF_BUFG | real_buf[21][7]_i_1_n_0                       | rst_n_IBUF_inst/O |                6 |              8 |
|  clk_IBUF_BUFG | real_buf[23][7]_i_1_n_0                       | rst_n_IBUF_inst/O |                7 |              8 |
|  clk_IBUF_BUFG | real_buf[24][7]_i_1_n_0                       | rst_n_IBUF_inst/O |                5 |              8 |
|  clk_IBUF_BUFG | real_buf[17][7]_i_1_n_0                       | rst_n_IBUF_inst/O |                4 |              8 |
|  clk_IBUF_BUFG | real_buf[25][7]_i_1_n_0                       | rst_n_IBUF_inst/O |                7 |              8 |
|  clk_IBUF_BUFG | real_buf[26][7]_i_1_n_0                       | rst_n_IBUF_inst/O |                6 |              8 |
|  clk_IBUF_BUFG | real_buf[16][7]_i_1_n_0                       | rst_n_IBUF_inst/O |                3 |              8 |
|  clk_IBUF_BUFG | real_buf                                      | rst_n_IBUF_inst/O |                3 |              8 |
|  clk_IBUF_BUFG | real_buf[13][7]_i_1_n_0                       | rst_n_IBUF_inst/O |                5 |              8 |
|  clk_IBUF_BUFG | real_buf[10][7]_i_1_n_0                       | rst_n_IBUF_inst/O |                5 |              8 |
|  clk_IBUF_BUFG | real_buf[29][7]_i_1_n_0                       | rst_n_IBUF_inst/O |                6 |              8 |
|  clk_IBUF_BUFG | real_buf[28][7]_i_1_n_0                       | rst_n_IBUF_inst/O |                7 |              8 |
|  clk_IBUF_BUFG | real_buf[27][7]_i_1_n_0                       | rst_n_IBUF_inst/O |                5 |              8 |
|  clk_IBUF_BUFG | real_buf[2][7]_i_1_n_0                        | rst_n_IBUF_inst/O |                4 |              8 |
|  clk_IBUF_BUFG | real_buf[11][7]_i_1_n_0                       | rst_n_IBUF_inst/O |                6 |              8 |
|  clk_IBUF_BUFG | real_buf[14][7]_i_1_n_0                       | rst_n_IBUF_inst/O |                7 |              8 |
|  clk_IBUF_BUFG | real_buf[19][7]_i_1_n_0                       | rst_n_IBUF_inst/O |                6 |              8 |
|  clk_IBUF_BUFG | real_buf[30][7]_i_1_n_0                       | rst_n_IBUF_inst/O |                5 |              8 |
|  clk_IBUF_BUFG | real_buf[7][7]_i_1_n_0                        | rst_n_IBUF_inst/O |                5 |              8 |
|  clk_IBUF_BUFG | real_buf[4][7]_i_1_n_0                        | rst_n_IBUF_inst/O |                7 |              8 |
|  clk_IBUF_BUFG | real_buf[8][7]_i_1_n_0                        | rst_n_IBUF_inst/O |                4 |              8 |
|  clk_IBUF_BUFG | real_buf[31][7]_i_1_n_0                       | rst_n_IBUF_inst/O |                4 |              8 |
|  clk_IBUF_BUFG | real_buf[6][7]_i_1_n_0                        | rst_n_IBUF_inst/O |                6 |              8 |
|  clk_IBUF_BUFG | real_buf[9][7]_i_1_n_0                        | rst_n_IBUF_inst/O |                6 |              8 |
|  clk_IBUF_BUFG | real_buf[3][7]_i_1_n_0                        | rst_n_IBUF_inst/O |                5 |              8 |
|  clk_IBUF_BUFG | real_buf[5][7]_i_1_n_0                        | rst_n_IBUF_inst/O |                4 |              8 |
|  clk_IBUF_BUFG | real_buf[22][7]_i_1_n_0                       | rst_n_IBUF_inst/O |                4 |              8 |
|  clk_IBUF_BUFG | fft_inst/register_outputs_imag/valid_reg_0[0] | rst_n_IBUF_inst/O |                5 |             22 |
|  clk_IBUF_BUFG | fft_inst/CU/mux_sel[2]_i_1_n_0                | rst_n_IBUF_inst/O |               13 |             33 |
|  clk_IBUF_BUFG | fft_enable                                    | rst_n_IBUF_inst/O |              112 |            256 |
|  clk_IBUF_BUFG | fft_inst/reg_slow_enable__0                   | rst_n_IBUF_inst/O |              272 |            832 |
|  clk_IBUF_BUFG |                                               | rst_n_IBUF_inst/O |              307 |            840 |
+----------------+-----------------------------------------------+-------------------+------------------+----------------+


